------------------------------------------------------------
TimeQuest Timing Analyzer Summary
------------------------------------------------------------

Type  : Slow 1200mV 85C Model Setup 'clk'
Slack : -0.130
TNS   : -0.959

Type  : Slow 1200mV 85C Model Hold 'clk'
Slack : 0.673
TNS   : 0.000

Type  : Slow 1200mV 85C Model Recovery 'clk'
Slack : 0.096
TNS   : 0.000

Type  : Slow 1200mV 85C Model Removal 'clk'
Slack : -0.129
TNS   : -1.156

Type  : Slow 1200mV 85C Model Minimum Pulse Width 'clk'
Slack : -3.000
TNS   : -12.000

Type  : Slow 1200mV 85C Model Minimum Pulse Width 'reset'
Slack : -3.000
TNS   : -3.000

Type  : Slow 1200mV 0C Model Setup 'clk'
Slack : -0.065
TNS   : -0.439

Type  : Slow 1200mV 0C Model Hold 'clk'
Slack : 0.645
TNS   : 0.000

Type  : Slow 1200mV 0C Model Recovery 'clk'
Slack : 0.130
TNS   : 0.000

Type  : Slow 1200mV 0C Model Removal 'clk'
Slack : -0.131
TNS   : -1.179

Type  : Slow 1200mV 0C Model Minimum Pulse Width 'clk'
Slack : -3.000
TNS   : -12.000

Type  : Slow 1200mV 0C Model Minimum Pulse Width 'reset'
Slack : -3.000
TNS   : -3.000

Type  : Fast 1200mV 0C Model Setup 'clk'
Slack : -0.157
TNS   : -1.197

Type  : Fast 1200mV 0C Model Hold 'clk'
Slack : 0.853
TNS   : 0.000

Type  : Fast 1200mV 0C Model Recovery 'clk'
Slack : -0.029
TNS   : -0.256

Type  : Fast 1200mV 0C Model Removal 'clk'
Slack : -0.084
TNS   : -0.756

Type  : Fast 1200mV 0C Model Minimum Pulse Width 'clk'
Slack : -3.000
TNS   : -12.238

Type  : Fast 1200mV 0C Model Minimum Pulse Width 'reset'
Slack : -3.000
TNS   : -3.000

------------------------------------------------------------
