------------------------------------------------------------
Timing Analyzer Summary
------------------------------------------------------------

Type  : Slow 1100mV 85C Model Setup 'clk'
Slack : -1.620
TNS   : -28.776

Type  : Slow 1100mV 85C Model Hold 'clk'
Slack : 0.311
TNS   : 0.000

Type  : Slow 1100mV 85C Model Minimum Pulse Width 'clk'
Slack : -0.724
TNS   : -24.469

Type  : Slow 1100mV 0C Model Setup 'clk'
Slack : -1.489
TNS   : -27.245

Type  : Slow 1100mV 0C Model Hold 'clk'
Slack : 0.302
TNS   : 0.000

Type  : Slow 1100mV 0C Model Minimum Pulse Width 'clk'
Slack : -0.724
TNS   : -24.433

Type  : Fast 1100mV 85C Model Setup 'clk'
Slack : -0.148
TNS   : -0.806

Type  : Fast 1100mV 85C Model Hold 'clk'
Slack : 0.137
TNS   : 0.000

Type  : Fast 1100mV 85C Model Minimum Pulse Width 'clk'
Slack : -0.089
TNS   : -1.931

Type  : Fast 1100mV 0C Model Setup 'clk'
Slack : -0.049
TNS   : -0.148

Type  : Fast 1100mV 0C Model Hold 'clk'
Slack : 0.125
TNS   : 0.000

Type  : Fast 1100mV 0C Model Minimum Pulse Width 'clk'
Slack : -0.091
TNS   : -1.967

------------------------------------------------------------
