------------------------------------------------------------
Timing Analyzer Summary
------------------------------------------------------------

Type  : Slow 1100mV 85C Model Setup 'clk'
Slack : -4.650
TNS   : -199.829

Type  : Slow 1100mV 85C Model Hold 'clk'
Slack : 0.402
TNS   : 0.000

Type  : Slow 1100mV 85C Model Minimum Pulse Width 'clk'
Slack : -0.724
TNS   : -105.772

Type  : Slow 1100mV 0C Model Setup 'clk'
Slack : -4.616
TNS   : -187.902

Type  : Slow 1100mV 0C Model Hold 'clk'
Slack : 0.390
TNS   : 0.000

Type  : Slow 1100mV 0C Model Minimum Pulse Width 'clk'
Slack : -0.724
TNS   : -105.636

Type  : Fast 1100mV 85C Model Setup 'clk'
Slack : -1.458
TNS   : -36.216

Type  : Fast 1100mV 85C Model Hold 'clk'
Slack : 0.178
TNS   : 0.000

Type  : Fast 1100mV 85C Model Minimum Pulse Width 'clk'
Slack : -0.091
TNS   : -8.312

Type  : Fast 1100mV 0C Model Setup 'clk'
Slack : -1.252
TNS   : -27.917

Type  : Fast 1100mV 0C Model Hold 'clk'
Slack : 0.162
TNS   : 0.000

Type  : Fast 1100mV 0C Model Minimum Pulse Width 'clk'
Slack : -0.091
TNS   : -8.336

------------------------------------------------------------
